node.exe : Γû▓ [WARNING] Duplicate key "hookTimeout" in object 
literal [duplicate-object-key]
At C:\Program Files\nodejs\npx.ps1:29 char:3
+   & $NODE_EXE $NPX_CLI_JS $args
+   ~~~~~~~~~~~~~~~~~~~~~~~~~~~~~
    + CategoryInfo          : NotSpecified: (Γû▓ [WARNING] D...ate- 
   object-key]:String) [], RemoteException
    + FullyQualifiedErrorId : NativeCommandError
 

    vitest.config.ts:16:4:
      16 Γöé     hookTimeout: 10000, // 10 second timeout for hooks
         Γò╡     ~~~~~~~~~~~

  The original key "hookTimeout" is here:

    vitest.config.ts:15:4:
      15 Γöé     hookTimeout: 10000, // 10 second timeout for hooks
         Γò╡     ~~~~~~~~~~~


[1m[46m RUN [49m[22m [36mv4.0.16 [39m[90mC:/Users/ccana/Documents/augment-projects/akiva-ai-crypto[39m

 [31mΓ¥»[39m src/components/trading/TradeTicket.test.tsx [2m([22m[2m8 tests[22m[2m | [22m[31m3 failed[39m[2m)[22m[33m 2423[2mms[22m[39m
       [32mΓ£ô[39m should render trade ticket with default values[32m 170[2mms[22m[39m
       [32mΓ£ô[39m should require book selection before submitting[32m 41[2mms[22m[39m
       [32mΓ£ô[39m should require positive size[32m 43[2mms[22m[39m
       [32mΓ£ô[39m should require price for limit orders[32m 36[2mms[22m[39m
[31m       [31m├ù[31m should submit market order successfully[39m[33m 1044[2mms[22m[39m
[31m       [31m├ù[31m should submit limit order with price[39m[32m 19[2mms[22m[39m
       [32mΓ£ô[39m should handle sell orders[32m 48[2mms[22m[39m
[31m       [31m├ù[31m should show warning when risk exceeds limit[39m[33m 1020[2mms[22m[39m

[31mΓÄ»ΓÄ»ΓÄ»ΓÄ»ΓÄ»ΓÄ»ΓÄ»[39m[1m[41m Failed Tests 3 
[49m[22m[31mΓÄ»ΓÄ»ΓÄ»ΓÄ»ΓÄ»ΓÄ»ΓÄ»[39m

[41m[1m FAIL [22m[49m 
src/components/trading/TradeTicket.test.tsx[2m > 
[22mTradeTicket[2m > [22mOrder Submission[2m > [22mshould 
submit market order successfully
[31m[1mAssertionError[22m[39m: expected "vi.fn()" to be called 
at least once

Ignored nodes: comments, script, style
[36m<html>[39m
  [36m<head />[39m
  [36m<body>[39m
    [36m<div>[39m
      [36m<div[39m
        [33mclass[39m=[32m"rounded-lg border border-border 
bg-card text-card-foreground shadow-sm transition-all duration-200 
hover:border-border/80 glass-panel w-full max-w-md"[39m
      [36m>[39m
        [36m<div[39m
          [33mclass[39m=[32m"flex flex-col space-y-1.5 p-6 
pb-3"[39m
        [36m>[39m
          [36m<h3[39m
            [33mclass[39m=[32m"text-2xl font-semibold 
leading-none tracking-tight flex items-center justify-between"[39m
          [36m>[39m
            [36m<span[39m
              [33mclass[39m=[32m"flex items-center gap-2"[39m
            [36m>[39m
              [36m<svg[39m
                [33mclass[39m=[32m"lucide lucide-zap h-5 w-5 
text-primary"[39m
                [33mfill[39m=[32m"none"[39m
                [33mheight[39m=[32m"24"[39m
                [33mstroke[39m=[32m"currentColor"[39m
                [33mstroke-linecap[39m=[32m"round"[39m
                [33mstroke-linejoin[39m=[32m"round"[39m
                [33mstroke-width[39m=[32m"2"[39m
                [33mviewBox[39m=[32m"0 0 24 24"[39m
                [33mwidth[39m=[32m"24"[39m
                
[33mxmlns[39m=[32m"http://www.w3.org/2000/svg"[39m
              [36m>[39m
                [36m<path[39m
                  [33md[39m=[32m"M4 14a1 1 0 0 
1-.78-1.63l9.9-10.2a.5.5 0 0 1 .86.46l-1.92 6.02A1 1 0 0 0 13 
10h7a1 1 0 0 1 .78 1.63l-9.9 10.2a.5.5 0 0 1-.86-.46l1.92-6.02A1 1 
0 0 0 11 14z"[39m
                [36m/>[39m
              [36m</svg>[39m
              [0mTrade Ticket[0m
            [36m</span>[39m
            [36m<div[39m
              [33mclass[39m=[32m"flex items-center gap-2"[39m
            [36m>[39m
              [36m<div[39m
                [33mclass[39m=[32m"inline-flex items-center 
rounded-full border px-2 py-0.5 font-medium transition-colors 
focus:outline-none focus:ring-2 focus:ring-ring focus:ring-offset-2 
bg-transparent gap-1 text-xs border-warning/50 text-warning"[39m
              [36m>[39m
                [36m<svg[39m
                  [33mclass[39m=[32m"lucide 
lucide-triangle-alert h-3 w-3"[39m
                  [33mfill[39m=[32m"none"[39m
                  [33mheight[39m=[32m"24"[39m
                  [33mstroke[39m=[32m"currentColor"[39m
                  [33mstroke-linecap[39m=[32m"round"[39m
                  [33mstroke-linejoin[39m=[32m"round"[39m
                  [33mstroke-width[39m=[32m"2"[39m
                  [33mviewBox[39m=[32m"0 0 24 24"[39m
                  [33mwidth[39m=[32m"24"[39m
                  
[33mxmlns[39m=[32m"http://www.w3.org/2000/svg"[39m
                [36m>[39m
                  [36m<path[39m
                    [33md[39m=[32m"m21.73 18-8-14a2 2 0 0 0-3.48 
0l-8 14A2 2 0 0 0 4 21h16a2 2 0 0 0 1.73-3"[39m
                  [36m/>[39m
                  [36m<path[39m
                    [33md[39m=[32m"M12 9v4"[39m
                  [36m/>[39m
                  [36m<path[39m
                    [33md[39m=[32m"M12 17h.01"[39m
                  [36m/>[39m
                [36m</svg>[39m
                [0mPaper Mode[0m
              [36m</div>[39m
              [36m<div[39m
                [33mclass[39m=[32m"inline-flex items-center 
rounded-full border px-2 py-0.5 font-medium transition-colors 
focus:outline-none focus:ring-2 focus:ring-ring focus:ring-offset-2 
bg-transparent gap-1 text-xs border-success/50 text-success"[39m
              [36m>[39m
                [36m<svg[39m
                  [33mclass[39m=[32m"lucide lucide-wifi h-3 
w-3"[39m
                  [33mfill[39m=[32m"none"[39m
                  [33mheight[39m=[32m"24"[39m
                  [33mstroke[39m=[32m"currentColor"[39m
                  [33mstroke-linecap[39m=[32m"round"[39m
                  [33mstroke-linejoin[39m=[32m"round"[39m
                  [33mstroke-width[39m=[32m"2"[39m
                  [33mviewBox[39m=[32m"0 0 24 24"[39m
                  [33mwidth[39m=[32m"24"[39m
                  
[33mxmlns[39m=[32m"http://www.w3.org/2000/svg"[39m
                [36m>[39m
                  [36m<path[39m
                    [33md[39m=[32m"M12 20h.01"[39m
                  [36m/>[39m
                  [36m<path[39m
                    [33md[39m=[32m"M2 8.82a15 15 0 0 1 20 0"[39m
                  [36m/>[39m
                  [36m<path[39m
                    [33md[39m=[32m"M5 12.859a10 10 0 0 1 14 
0"[39m
                  [36m/>[39m
                  [36m<path[39m
                    [33md[39m=[32m"M8.5 16.429a5 5 0 0 1 7 
0"[39m
                  [36m/>[39m
                [36m</svg>[39m
                [0mFeed[0m
              [36m</div>[39m
              [36m<div[39m
                [33mclass[39m=[32m"inline-flex items-center 
rounded-full border px-2 py-0.5 text-xs font-medium 
transition-colors focus:outline-none focus:ring-2 focus:ring-ring 
focus:ring-offset-2 border-border text-foreground bg-transparent 
font-mono"[39m
              [36m>[39m
                [0mBTC/USDT[0m
              [36m</div>[39m
            [36m</div>[39m
          [36m</h3>[39m
        [36m</div>[39m
        [36m<div[39m
          [33mclass[39m=[32m"p-6 pt-0 space-y-4"[39m
        [36m>[39m
          [36m<div[39m
            [33mclass[39m=[32m"grid grid-cols-2 gap-2"[39m
          [36m>[39m
            [36m<button[39m
              [33mclass[39m=[32m"inline-flex items-center 
justify-center gap-2 whitespace-nowrap rounded-md duration-150 
focus-visible:outline-none focus-visible:ring-2 
focus-visible:ring-ring focus-visible:ring-offset-2 
focus-visible:ring-offset-background disabled:pointer-events-none 
disabled:opacity-50 [&_svg]:pointer-events-none [&_svg]:size-4 
[&_svg]:shrink-0 shadow-sm hover:shadow-md active:scale-[0.98] px-4 
py-2 h-12 text-lg font-semibold transition-all bg-success 
hover:bg-success/90 text-success-foreground 
shadow-glow-success"[39m
              [33mtype[39m=[32m"button"[39m
            [36m>[39m
              [36m<svg[39m
                [33mclass[39m=[32m"lucide lucide-trending-up 
mr-2 h-5 w-5"[39m
                [33mfill[39m=[32m"none"[39m
                [33mheight[39m=[32m"24"[39m
                [33mstroke[39m=[32m"currentColor"[39m
                [33mstroke-linecap[39m=[32m"round"[39m
                [33mstroke-linejoin[39m=[32m"round"[39m
                [33mstroke-width[39m=[32m"2"[39m
                [33mviewBox[39m=[32m"0 0 24 24"[39m
                [33mwidth[39m=[32m"24"[39m
                
[33mxmlns[39m=[32m"http://www.w3.org/2000/svg"[39m
              [36m>[39m
                [36m<polyline[39m
                  [33mpoints[39m=[32m"22 7 13.5 15.5 8.5 10.5 2 
17"[39m
                [36m/>[39m
        ...
[36m [2mΓ¥»[22m 
src/components/trading/TradeTicket.test.tsx:[2m106:25[22m[39m
    [90m104| [39m
    [90m105| [39m      [35mawait[39m [34mwaitFor[39m(() 
[33m=>[39m {
    [90m106| [39m        [34mexpect[39m(onClose)[33m.[39m[34m
toHaveBeenCalled[39m()[33m;[39m
    [90m   | [39m                        [31m^[39m
    [90m107| [39m      })[33m;[39m
    [90m108| [39m    })[33m;[39m
[90m [2mΓ¥»[22m runWithExpensiveErrorDiagnosticsDisabled 
node_modules/@testing-library/dom/dist/config.js:[2m47:12[22m[39m
[90m [2mΓ¥»[22m checkCallback node_modules/@testing-library/dom/d
ist/wait-for.js:[2m124:77[22m[39m
[90m [2mΓ¥»[22m Timeout.checkRealTimersCallback node_modules/@tes
ting-library/dom/dist/wait-for.js:[2m118:16[22m[39m

[31m[2mΓÄ»ΓÄ»ΓÄ»ΓÄ»ΓÄ»ΓÄ»ΓÄ»ΓÄ»ΓÄ»ΓÄ»ΓÄ»ΓÄ»ΓÄ»ΓÄ»ΓÄ»ΓÄ»ΓÄ»ΓÄ»ΓÄ»ΓÄ
»ΓÄ»ΓÄ»ΓÄ»ΓÄ»[1/3]ΓÄ»[22m[39m

[41m[1m FAIL [22m[49m 
src/components/trading/TradeTicket.test.tsx[2m > 
[22mTradeTicket[2m > [22mOrder Submission[2m > [22mshould 
submit limit order with price
[31m[1mTestingLibraryElementError[22m[39m: Found multiple 
elements with the text: /Limit/i

Here are the matching elements:

Ignored nodes: comments, script, style
[36m<button[39m
  [33mclass[39m=[32m"inline-flex items-center justify-center 
gap-2 whitespace-nowrap font-medium transition-all duration-150 
focus-visible:outline-none focus-visible:ring-2 
focus-visible:ring-ring focus-visible:ring-offset-2 
focus-visible:ring-offset-background disabled:pointer-events-none 
disabled:opacity-50 [&_svg]:pointer-events-none [&_svg]:size-4 
[&_svg]:shrink-0 hover:bg-secondary hover:text-foreground h-8 
rounded-md px-3 text-xs"[39m
  [33mtype[39m=[32m"button"[39m
[36m>[39m
  [0mLimit[0m
[36m</button>[39m

Ignored nodes: comments, script, style
[36m<label[39m
  [33mclass[39m=[32m"text-sm font-medium leading-none 
peer-disabled:cursor-not-allowed peer-disabled:opacity-70 flex 
items-center gap-2"[39m
[36m>[39m
  [36m<svg[39m
    [33mclass[39m=[32m"lucide lucide-shield h-4 w-4 
text-primary"[39m
    [33mfill[39m=[32m"none"[39m
    [33mheight[39m=[32m"24"[39m
    [33mstroke[39m=[32m"currentColor"[39m
    [33mstroke-linecap[39m=[32m"round"[39m
    [33mstroke-linejoin[39m=[32m"round"[39m
    [33mstroke-width[39m=[32m"2"[39m
    [33mviewBox[39m=[32m"0 0 24 24"[39m
    [33mwidth[39m=[32m"24"[39m
    [33mxmlns[39m=[32m"http://www.w3.org/2000/svg"[39m
  [36m>[39m
    [36m<path[39m
      [33md[39m=[32m"M20 13c0 5-3.5 7.5-7.66 8.95a1 1 0 0 
1-.67-.01C7.5 20.5 4 18 4 13V6a1 1 0 0 1 1-1c2 0 4.5-1.2 
6.24-2.72a1.17 1.17 0 0 1 1.52 0C14.51 3.81 17 5 19 5a1 1 0 0 1 1 
1z"[39m
    [36m/>[39m
  [36m</svg>[39m
  [0mRisk Limit[0m
[36m</label>[39m

(If this is intentional, then use the `*AllBy*` variant of the 
query (like `queryAllByText`, `getAllByText`, or `findAllByText`)).

Ignored nodes: comments, script, style
[36m<body>[39m
  [36m<div>[39m
    [36m<div[39m
      [33mclass[39m=[32m"rounded-lg border border-border bg-card 
text-card-foreground shadow-sm transition-all duration-200 
hover:border-border/80 glass-panel w-full max-w-md"[39m
    [36m>[39m
      [36m<div[39m
        [33mclass[39m=[32m"flex flex-col space-y-1.5 p-6 
pb-3"[39m
      [36m>[39m
        [36m<h3[39m
          [33mclass[39m=[32m"text-2xl font-semibold leading-none 
tracking-tight flex items-center justify-between"[39m
        [36m>[39m
          [36m<span[39m
            [33mclass[39m=[32m"flex items-center gap-2"[39m
          [36m>[39m
            [36m<svg[39m
              [33mclass[39m=[32m"lucide lucide-zap h-5 w-5 
text-primary"[39m
              [33mfill[39m=[32m"none"[39m
              [33mheight[39m=[32m"24"[39m
              [33mstroke[39m=[32m"currentColor"[39m
              [33mstroke-linecap[39m=[32m"round"[39m
              [33mstroke-linejoin[39m=[32m"round"[39m
              [33mstroke-width[39m=[32m"2"[39m
              [33mviewBox[39m=[32m"0 0 24 24"[39m
              [33mwidth[39m=[32m"24"[39m
              [33mxmlns[39m=[32m"http://www.w3.org/2000/svg"[39m
            [36m>[39m
              [36m<path[39m
                [33md[39m=[32m"M4 14a1 1 0 0 
1-.78-1.63l9.9-10.2a.5.5 0 0 1 .86.46l-1.92 6.02A1 1 0 0 0 13 
10h7a1 1 0 0 1 .78 1.63l-9.9 10.2a.5.5 0 0 1-.86-.46l1.92-6.02A1 1 
0 0 0 11 14z"[39m
              [36m/>[39m
            [36m</svg>[39m
            [0mTrade Ticket[0m
          [36m</span>[39m
          [36m<div[39m
            [33mclass[39m=[32m"flex items-center gap-2"[39m
          [36m>[39m
            [36m<div[39m
              [33mclass[39m=[32m"inline-flex items-center 
rounded-full border px-2 py-0.5 font-medium transition-colors 
focus:outline-none focus:ring-2 focus:ring-ring focus:ring-offset-2 
bg-transparent gap-1 text-xs border-warning/50 text-warning"[39m
            [36m>[39m
              [36m<svg[39m
                [33mclass[39m=[32m"lucide lucide-triangle-alert 
h-3 w-3"[39m
                [33mfill[39m=[32m"none"[39m
                [33mheight[39m=[32m"24"[39m
                [33mstroke[39m=[32m"currentColor"[39m
                [33mstroke-linecap[39m=[32m"round"[39m
                [33mstroke-linejoin[39m=[32m"round"[39m
                [33mstroke-width[39m=[32m"2"[39m
                [33mviewBox[39m=[32m"0 0 24 24"[39m
                [33mwidth[39m=[32m"24"[39m
                
[33mxmlns[39m=[32m"http://www.w3.org/2000/svg"[39m
              [36m>[39m
                [36m<path[39m
                  [33md[39m=[32m"m21.73 18-8-14a2 2 0 0 0-3.48 
0l-8 14A2 2 0 0 0 4 21h16a2 2 0 0 0 1.73-3"[39m
                [36m/>[39m
                [36m<path[39m
                  [33md[39m=[32m"M12 9v4"[39m
                [36m/>[39m
                [36m<path[39m
                  [33md[39m=[32m"M12 17h.01"[39m
                [36m/>[39m
              [36m</svg>[39m
              [0mPaper Mode[0m
            [36m</div>[39m
            [36m<div[39m
              [33mclass[39m=[32m"inline-flex items-center 
rounded-full border px-2 py-0.5 font-medium transition-colors 
focus:outline-none focus:ring-2 focus:ring-ring focus:ring-offset-2 
bg-transparent gap-1 text-xs border-success/50 text-success"[39m
            [36m>[39m
              [36m<svg[39m
                [33mclass[39m=[32m"lucide lucide-wifi h-3 
w-3"[39m
                [33mfill[39m=[32m"none"[39m
                [33mheight[39m=[32m"24"[39m
                [33mstroke[39m=[32m"currentColor"[39m
                [33mstroke-linecap[39m=[32m"round"[39m
                [33mstroke-linejoin[39m=[32m"round"[39m
                [33mstroke-width[39m=[32m"2"[39m
                [33mviewBox[39m=[32m"0 0 24 24"[39m
                [33mwidth[39m=[32m"24"[39m
                
[33mxmlns[39m=[32m"http://www.w3.org/2000/svg"[39m
              [36m>[39m
                [36m<path[39m
                  [33md[39m=[32m"M12 20h.01"[39m
                [36m/>[39m
                [36m<path[39m
                  [33md[39m=[32m"M2 8.82a15 15 0 0 1 20 0"[39m
                [36m/>[39m
                [36m<path[39m
                  [33md[39m=[32m"M5 12.859a10 10 0 0 1 14 0"[39m
                [36m/>[39m
                [36m<path[39m
                  [33md[39m=[32m"M8.5 16.429a5 5 0 0 1 7 0"[39m
                [36m/>[39m
              [36m</svg>[39m
              [0mFeed[0m
            [36m</div>[39m
            [36m<div[39m
              [33mclass[39m=[32m"inline-flex items-center 
rounded-full border px-2 py-0.5 text-xs font-medium 
transition-colors focus:outline-none focus:ring-2 focus:ring-ring 
focus:ring-offset-2 border-border text-foreground bg-transparent 
font-mono"[39m
            [36m>[39m
              [0mBTC/USDT[0m
            [36m</div>[39m
          [36m</div>[39m
        [36m</h3>[39m
      [36m</div>[39m
      [36m<div[39m
        [33mclass[39m=[32m"p-6 pt-0 space-y-4"[39m
      [36m>[39m
        [36m<div[39m
          [33mclass[39m=[32m"grid grid-cols-2 gap-2"[39m
        [36m>[39m
          [36m<button[39m
            [33mclass[39m=[32m"inline-flex items-center 
justify-center gap-2 whitespace-nowrap rounded-md duration-150 
focus-visible:outline-none focus-visible:ring-2 
focus-visible:ring-ring focus-visible:ring-offset-2 
focus-visible:ring-offset-background disabled:pointer-events-none 
disabled:opacity-50 [&_svg]:pointer-events-none [&_svg]:size-4 
[&_svg]:shrink-0 shadow-sm hover:shadow-md active:scale-[0.98] px-4 
py-2 h-12 text-lg font-semibold transition-all bg-success 
hover:bg-success/90 text-success-foreground 
shadow-glow-success"[39m
            [33mtype[39m=[32m"button"[39m
          [36m>[39m
            [36m<svg[39m
              [33mclass[39m=[32m"lucide lucide-trending-up mr-2 
h-5 w-5"[39m
              [33mfill[39m=[32m"none"[39m
              [33mheight[39m=[32m"24"[39m
              [33mstroke[39m=[32m"currentColor"[39m
              [33mstroke-linecap[39m=[32m"round"[39m
              [33mstroke-linejoin[39m=[32m"round"[39m
              [33mstroke-width[39m=[32m"2"[39m
              [33mviewBox[39m=[32m"0 0 24 24"[39m
              [33mwidth[39m=[32m"24"[39m
              [33mxmlns[39m=[32m"http://www.w3.org/2000/svg"[39m
            [36m>[39m
              [36m<polyline[39m
                [33mpoints[39m=[32m"22 7 13.5 15.5 8.5 10.5 2 
17"[39m
              [36m/>[39m
              [36m<polyline[39m
                [33mpoints[39m=[32m"16 7 22 7 22 13"[39m
              [36m/>[39m
            [36m</svg>[39m
            [0mBUY[0m
          [36m</button>[39m
          [36m<button[39m
            [33mclass[39m=[32m"inline-flex items-center just...
[90m [2mΓ¥»[22m Object.getElementError 
node_modules/@testing-library/dom/dist/config.js:[2m37:19[22m[39m
[90m [2mΓ¥»[22m getElementError node_modules/@testing-library/dom
/dist/query-helpers.js:[2m20:35[22m[39m
[90m [2mΓ¥»[22m getMultipleElementsFoundError node_modules/@testi
ng-library/dom/dist/query-helpers.js:[2m23:10[22m[39m
[90m [2mΓ¥»[22m node_modules/@testing-library/dom/dist/query-help
ers.js:[2m55:13[22m[39m
[90m [2mΓ¥»[22m getByText node_modules/@testing-library/dom/dist/
query-helpers.js:[2m95:19[22m[39m
[36m [2mΓ¥»[22m 
src/components/trading/TradeTicket.test.tsx:[2m115:34[22m[39m
    [90m113| [39m
    [90m114| [39m      [90m// Switch to limit order[39m
    [90m115| [39m      [35mconst[39m limitButton [33m=[39m 
screen[33m.[39m[34mgetByText[39m([36m/Limit/i[39m)[33m;[39m
    [90m   | [39m                                 [31m^[39m
    [90m116| [39m      
fireEvent[33m.[39m[34mclick[39m(limitButton)[33m;[39m
    [90m117| [39m

[31m[2mΓÄ»ΓÄ»ΓÄ»ΓÄ»ΓÄ»ΓÄ»ΓÄ»ΓÄ»ΓÄ»ΓÄ»ΓÄ»ΓÄ»ΓÄ»ΓÄ»ΓÄ»ΓÄ»ΓÄ»ΓÄ»ΓÄ»ΓÄ
»ΓÄ»ΓÄ»ΓÄ»ΓÄ»[2/3]ΓÄ»[22m[39m

[41m[1m FAIL [22m[49m 
src/components/trading/TradeTicket.test.tsx[2m > 
[22mTradeTicket[2m > [22mRisk Warnings[2m > [22mshould show 
warning when risk exceeds limit
[31m[1mTestingLibraryElementError[22m[39m: Unable to find an 
element with the text: /Exceeds risk limit/i. This could be because 
the text is broken up by multiple elements. In this case, you can 
provide a function for your text matcher to make your matcher more 
flexible.

Ignored nodes: comments, script, style
[36m<body>[39m
  [36m<div>[39m
    [36m<div[39m
      [33mclass[39m=[32m"rounded-lg border border-border bg-card 
text-card-foreground shadow-sm transition-all duration-200 
hover:border-border/80 glass-panel w-full max-w-md"[39m
    [36m>[39m
      [36m<div[39m
        [33mclass[39m=[32m"flex flex-col space-y-1.5 p-6 
pb-3"[39m
      [36m>[39m
        [36m<h3[39m
          [33mclass[39m=[32m"text-2xl font-semibold leading-none 
tracking-tight flex items-center justify-between"[39m
        [36m>[39m
          [36m<span[39m
            [33mclass[39m=[32m"flex items-center gap-2"[39m
          [36m>[39m
            [36m<svg[39m
              [33mclass[39m=[32m"lucide lucide-zap h-5 w-5 
text-primary"[39m
              [33mfill[39m=[32m"none"[39m
              [33mheight[39m=[32m"24"[39m
              [33mstroke[39m=[32m"currentColor"[39m
              [33mstroke-linecap[39m=[32m"round"[39m
              [33mstroke-linejoin[39m=[32m"round"[39m
              [33mstroke-width[39m=[32m"2"[39m
              [33mviewBox[39m=[32m"0 0 24 24"[39m
              [33mwidth[39m=[32m"24"[39m
              [33mxmlns[39m=[32m"http://www.w3.org/2000/svg"[39m
            [36m>[39m
              [36m<path[39m
                [33md[39m=[32m"M4 14a1 1 0 0 
1-.78-1.63l9.9-10.2a.5.5 0 0 1 .86.46l-1.92 6.02A1 1 0 0 0 13 
10h7a1 1 0 0 1 .78 1.63l-9.9 10.2a.5.5 0 0 1-.86-.46l1.92-6.02A1 1 
0 0 0 11 14z"[39m
              [36m/>[39m
            [36m</svg>[39m
            [0mTrade Ticket[0m
          [36m</span>[39m
          [36m<div[39m
            [33mclass[39m=[32m"flex items-center gap-2"[39m
          [36m>[39m
            [36m<div[39m
              [33mclass[39m=[32m"inline-flex items-center 
rounded-full border px-2 py-0.5 font-medium transition-colors 
focus:outline-none focus:ring-2 focus:ring-ring focus:ring-offset-2 
bg-transparent gap-1 text-xs border-warning/50 text-warning"[39m
            [36m>[39m
              [36m<svg[39m
                [33mclass[39m=[32m"lucide lucide-triangle-alert 
h-3 w-3"[39m
                [33mfill[39m=[32m"none"[39m
                [33mheight[39m=[32m"24"[39m
                [33mstroke[39m=[32m"currentColor"[39m
                [33mstroke-linecap[39m=[32m"round"[39m
                [33mstroke-linejoin[39m=[32m"round"[39m
                [33mstroke-width[39m=[32m"2"[39m
                [33mviewBox[39m=[32m"0 0 24 24"[39m
                [33mwidth[39m=[32m"24"[39m
                
[33mxmlns[39m=[32m"http://www.w3.org/2000/svg"[39m
              [36m>[39m
                [36m<path[39m
                  [33md[39m=[32m"m21.73 18-8-14a2 2 0 0 0-3.48 
0l-8 14A2 2 0 0 0 4 21h16a2 2 0 0 0 1.73-3"[39m
                [36m/>[39m
                [36m<path[39m
                  [33md[39m=[32m"M12 9v4"[39m
                [36m/>[39m
                [36m<path[39m
                  [33md[39m=[32m"M12 17h.01"[39m
                [36m/>[39m
              [36m</svg>[39m
              [0mPaper Mode[0m
            [36m</div>[39m
            [36m<div[39m
              [33mclass[39m=[32m"inline-flex items-center 
rounded-full border px-2 py-0.5 font-medium transition-colors 
focus:outline-none focus:ring-2 focus:ring-ring focus:ring-offset-2 
bg-transparent gap-1 text-xs border-success/50 text-success"[39m
            [36m>[39m
              [36m<svg[39m
                [33mclass[39m=[32m"lucide lucide-wifi h-3 
w-3"[39m
                [33mfill[39m=[32m"none"[39m
                [33mheight[39m=[32m"24"[39m
                [33mstroke[39m=[32m"currentColor"[39m
                [33mstroke-linecap[39m=[32m"round"[39m
                [33mstroke-linejoin[39m=[32m"round"[39m
                [33mstroke-width[39m=[32m"2"[39m
                [33mviewBox[39m=[32m"0 0 24 24"[39m
                [33mwidth[39m=[32m"24"[39m
                
[33mxmlns[39m=[32m"http://www.w3.org/2000/svg"[39m
              [36m>[39m
                [36m<path[39m
                  [33md[39m=[32m"M12 20h.01"[39m
                [36m/>[39m
                [36m<path[39m
                  [33md[39m=[32m"M2 8.82a15 15 0 0 1 20 0"[39m
                [36m/>[39m
                [36m<path[39m
                  [33md[39m=[32m"M5 12.859a10 10 0 0 1 14 0"[39m
                [36m/>[39m
                [36m<path[39m
                  [33md[39m=[32m"M8.5 16.429a5 5 0 0 1 7 0"[39m
                [36m/>[39m
              [36m</svg>[39m
              [0mFeed[0m
            [36m</div>[39m
            [36m<div[39m
              [33mclass[39m=[32m"inline-flex items-center 
rounded-full border px-2 py-0.5 text-xs font-medium 
transition-colors focus:outline-none focus:ring-2 focus:ring-ring 
focus:ring-offset-2 border-border text-foreground bg-transparent 
font-mono"[39m
            [36m>[39m
              [0mBTC/USDT[0m
            [36m</div>[39m
          [36m</div>[39m
        [36m</h3>[39m
      [36m</div>[39m
      [36m<div[39m
        [33mclass[39m=[32m"p-6 pt-0 space-y-4"[39m
      [36m>[39m
        [36m<div[39m
          [33mclass[39m=[32m"grid grid-cols-2 gap-2"[39m
        [36m>[39m
          [36m<button[39m
            [33mclass[39m=[32m"inline-flex items-center 
justify-center gap-2 whitespace-nowrap rounded-md duration-150 
focus-visible:outline-none focus-visible:ring-2 
focus-visible:ring-ring focus-visible:ring-offset-2 
focus-visible:ring-offset-background disabled:pointer-events-none 
disabled:opacity-50 [&_svg]:pointer-events-none [&_svg]:size-4 
[&_svg]:shrink-0 shadow-sm hover:shadow-md active:scale-[0.98] px-4 
py-2 h-12 text-lg font-semibold transition-all bg-success 
hover:bg-success/90 text-success-foreground 
shadow-glow-success"[39m
            [33mtype[39m=[32m"button"[39m
          [36m>[39m
            [36m<svg[39m
              [33mclass[39m=[32m"lucide lucide-trending-up mr-2 
h-5 w-5"[39m
              [33mfill[39m=[32m"none"[39m
              [33mheight[39m=[32m"24"[39m
              [33mstroke[39m=[32m"currentColor"[39m
              [33mstroke-linecap[39m=[32m"round"[39m
              [33mstroke-linejoin[39m=[32m"round"[39m
              [33mstroke-width[39m=[32m"2"[39m
              [33mviewBox[39m=[32m"0 0 24 24"[39m
              [33mwidth[39m=[32m"24"[39m
              [33mxmlns[39m=[32m"http://www.w3.org/2000/svg"[39m
            [36m>[39m
              [36m<polyline[39m
                [33mpoints[39m=[32m"22 7 13.5 15.5 8.5 10.5 2 
17"[39m
              [36m/>[39m
              [36m<polyline[39m
                [33mpoints[39m=[32m"16 7 22 7 22 13"[39m
              [36m/>[39m
            [36m</svg>[39m
            [0mBUY[0m
          [36m</button>[39m
          [36m<button[39m
            [33mclass[39m=[32m"inline-flex items-center just...

Ignored nodes: comments, script, style
[36m<html>[39m
  [36m<head />[39m
  [36m<body>[39m
    [36m<div>[39m
      [36m<div[39m
        [33mclass[39m=[32m"rounded-lg border border-border 
bg-card text-card-foreground shadow-sm transition-all duration-200 
hover:border-border/80 glass-panel w-full max-w-md"[39m
      [36m>[39m
        [36m<div[39m
          [33mclass[39m=[32m"flex flex-col space-y-1.5 p-6 
pb-3"[39m
        [36m>[39m
          [36m<h3[39m
            [33mclass[39m=[32m"text-2xl font-semibold 
leading-none tracking-tight flex items-center justify-between"[39m
          [36m>[39m
            [36m<span[39m
              [33mclass[39m=[32m"flex items-center gap-2"[39m
            [36m>[39m
              [36m<svg[39m
                [33mclass[39m=[32m"lucide lucide-zap h-5 w-5 
text-primary"[39m
                [33mfill[39m=[32m"none"[39m
                [33mheight[39m=[32m"24"[39m
                [33mstroke[39m=[32m"currentColor"[39m
                [33mstroke-linecap[39m=[32m"round"[39m
                [33mstroke-linejoin[39m=[32m"round"[39m
                [33mstroke-width[39m=[32m"2"[39m
                [33mviewBox[39m=[32m"0 0 24 24"[39m
                [33mwidth[39m=[32m"24"[39m
                
[33mxmlns[39m=[32m"http://www.w3.org/2000/svg"[39m
              [36m>[39m
                [36m<path[39m
                  [33md[39m=[32m"M4 14a1 1 0 0 
1-.78-1.63l9.9-10.2a.5.5 0 0 1 .86.46l-1.92 6.02A1 1 0 0 0 13 
10h7a1 1 0 0 1 .78 1.63l-9.9 10.2a.5.5 0 0 1-.86-.46l1.92-6.02A1 1 
0 0 0 11 14z"[39m
                [36m/>[39m
              [36m</svg>[39m
              [0mTrade Ticket[0m
            [36m</span>[39m
            [36m<div[39m
              [33mclass[39m=[32m"flex items-center gap-2"[39m
            [36m>[39m
              [36m<div[39m
                [33mclass[39m=[32m"inline-flex items-center 
rounded-full border px-2 py-0.5 font-medium transition-colors 
focus:outline-none focus:ring-2 focus:ring-ring focus:ring-offset-2 
bg-transparent gap-1 text-xs border-warning/50 text-warning"[39m
              [36m>[39m
                [36m<svg[39m
                  [33mclass[39m=[32m"lucide 
lucide-triangle-alert h-3 w-3"[39m
                  [33mfill[39m=[32m"none"[39m
                  [33mheight[39m=[32m"24"[39m
                  [33mstroke[39m=[32m"currentColor"[39m
                  [33mstroke-linecap[39m=[32m"round"[39m
                  [33mstroke-linejoin[39m=[32m"round"[39m
                  [33mstroke-width[39m=[32m"2"[39m
                  [33mviewBox[39m=[32m"0 0 24 24"[39m
                  [33mwidth[39m=[32m"24"[39m
                  
[33mxmlns[39m=[32m"http://www.w3.org/2000/svg"[39m
                [36m>[39m
                  [36m<path[39m
                    [33md[39m=[32m"m21.73 18-8-14a2 2 0 0 0-3.48 
0l-8 14A2 2 0 0 0 4 21h16a2 2 0 0 0 1.73-3"[39m
                  [36m/>[39m
                  [36m<path[39m
                    [33md[39m=[32m"M12 9v4"[39m
                  [36m/>[39m
                  [36m<path[39m
                    [33md[39m=[32m"M12 17h.01"[39m
                  [36m/>[39m
                [36m</svg>[39m
                [0mPaper Mode[0m
              [36m</div>[39m
              [36m<div[39m
                [33mclass[39m=[32m"inline-flex items-center 
rounded-full border px-2 py-0.5 font-medium transition-colors 
focus:outline-none focus:ring-2 focus:ring-ring focus:ring-offset-2 
bg-transparent gap-1 text-xs border-success/50 text-success"[39m
              [36m>[39m
                [36m<svg[39m
                  [33mclass[39m=[32m"lucide lucide-wifi h-3 
w-3"[39m
                  [33mfill[39m=[32m"none"[39m
                  [33mheight[39m=[32m"24"[39m
                  [33mstroke[39m=[32m"currentColor"[39m
                  [33mstroke-linecap[39m=[32m"round"[39m
                  [33mstroke-linejoin[39m=[32m"round"[39m
                  [33mstroke-width[39m=[32m"2"[39m
                  [33mviewBox[39m=[32m"0 0 24 24"[39m
                  [33mwidth[39m=[32m"24"[39m
                  
[33mxmlns[39m=[32m"http://www.w3.org/2000/svg"[39m
                [36m>[39m
                  [36m<path[39m
                    [33md[39m=[32m"M12 20h.01"[39m
                  [36m/>[39m
                  [36m<path[39m
                    [33md[39m=[32m"M2 8.82a15 15 0 0 1 20 0"[39m
                  [36m/>[39m
                  [36m<path[39m
                    [33md[39m=[32m"M5 12.859a10 10 0 0 1 14 
0"[39m
                  [36m/>[39m
                  [36m<path[39m
                    [33md[39m=[32m"M8.5 16.429a5 5 0 0 1 7 
0"[39m
                  [36m/>[39m
                [36m</svg>[39m
                [0mFeed[0m
              [36m</div>[39m
              [36m<div[39m
                [33mclass[39m=[32m"inline-flex items-center 
rounded-full border px-2 py-0.5 text-xs font-medium 
transition-colors focus:outline-none focus:ring-2 focus:ring-ring 
focus:ring-offset-2 border-border text-foreground bg-transparent 
font-mono"[39m
              [36m>[39m
                [0mBTC/USDT[0m
              [36m</div>[39m
            [36m</div>[39m
          [36m</h3>[39m
        [36m</div>[39m
        [36m<div[39m
          [33mclass[39m=[32m"p-6 pt-0 space-y-4"[39m
        [36m>[39m
          [36m<div[39m
            [33mclass[39m=[32m"grid grid-cols-2 gap-2"[39m
          [36m>[39m
            [36m<button[39m
              [33mclass[39m=[32m"inline-flex items-center 
justify-center gap-2 whitespace-nowrap rounded-md duration-150 
focus-visible:outline-none focus-visible:ring-2 
focus-visible:ring-ring focus-visible:ring-offset-2 
focus-visible:ring-offset-background disabled:pointer-events-none 
disabled:opacity-50 [&_svg]:pointer-events-none [&_svg]:size-4 
[&_svg]:shrink-0 shadow-sm hover:shadow-md active:scale-[0.98] px-4 
py-2 h-12 text-lg font-semibold transition-all bg-success 
hover:bg-success/90 text-success-foreground 
shadow-glow-success"[39m
              [33mtype[39m=[32m"button"[39m
            [36m>[39m
              [36m<svg[39m
                [33mclass[39m=[32m"lucide lucide-trending-up 
mr-2 h-5 w-5"[39m
                [33mfill[39m=[32m"none"[39m
                [33mheight[39m=[32m"24"[39m
                [33mstroke[39m=[32m"currentColor"[39m
                [33mstroke-linecap[39m=[32m"round"[39m
                [33mstroke-linejoin[39m=[32m"round"[39m
                [33mstroke-width[39m=[32m"2"[39m
                [33mviewBox[39m=[32m"0 0 24 24"[39m

[2m Test Files [22m [1m[31m1 failed[39m[22m[90m (1)[39m
[2m      Tests [22m [1m[31m3 failed[39m[22m[2m | [22m[1m[32m5 passed[39m[22m[90m (8)[39m
[2m   Start at [22m 19:46:02
[2m   Duration [22m 3.57s[2m (transform 129ms, setup 155ms, import 256ms, tests 2.42s, environment 602ms)[22m

                [33mwidth[39m=[32m"24"[39m
                
[33mxmlns[39m=[32m"http://www.w3.org/2000/svg"[39m
              [36m>[39m
                [36m<polyline[39m
                  [33mpoints[39m=[32m"22 7 13.5 15.5 8.5 10.5 2 
17"[39m
                [36m/>[39m
        ...
[90m [2mΓ¥»[22m Proxy.waitFor node_modules/@testing-library/dom/d
ist/wait-for.js:[2m163:27[22m[39m
[36m [2mΓ¥»[22m 
src/components/trading/TradeTicket.test.tsx:[2m158:13[22m[39m
    [90m156| [39m      
    [90m157| [39m      [90m// Risk warning should appear[39m
    [90m158| [39m      [35mawait[39m [34mwaitFor[39m(() 
[33m=>[39m {
    [90m   | [39m            [31m^[39m
    [90m159| [39m        expect(screen.getByText(/Exceeds risk 
limit/i)).toBeInTheDocumΓÇª
    [90m160| [39m      })[33m;[39m

[31m[2mΓÄ»ΓÄ»ΓÄ»ΓÄ»ΓÄ»ΓÄ»ΓÄ»ΓÄ»ΓÄ»ΓÄ»ΓÄ»ΓÄ»ΓÄ»ΓÄ»ΓÄ»ΓÄ»ΓÄ»ΓÄ»ΓÄ»ΓÄ
»ΓÄ»ΓÄ»ΓÄ»ΓÄ»[3/3]ΓÄ»[22m[39m

